// Jest Snapshot v1, https://goo.gl/fbAQLP

exports[`GnomePagination Component Suite Snapshot check 1`] = `
.c0 {
  margin: 0;
  border: 0;
  width: 100%;
  background-color: #f8f8f8;
  height: 60px;
  cursor: pointer;
  padding: 10px 30px 10px 10px;
  display: -webkit-box;
  display: -webkit-flex;
  display: -ms-flexbox;
  display: flex;
  -webkit-box-pack: center;
  -webkit-justify-content: center;
  -ms-flex-pack: center;
  justify-content: center;
  border-bottom: 1px solid #e3e3e3;
  -webkit-align-items: center;
  -webkit-box-align: center;
  -ms-flex-align: center;
  align-items: center;
}

.c0:hover {
  background-color: #f6e58d;
}

.c0 label {
  font-family: Helvetica;
  color: #707070;
  font-size: 16px;
}

<button
  className="c0"
  onClick={[Function]}
>
  <label>
    multiply Gnomes
  </label>
</button>
`;
