// Jest Snapshot v1, https://goo.gl/fbAQLP

exports[`Filters Component Suite Snapshot check 1`] = `
.c0 {
  margin: auto;
  text-align: center;
  margin-bottom: 20px;
  display: -webkit-box;
  display: -webkit-flex;
  display: -ms-flexbox;
  display: flex;
  -webkit-box-pack: center;
  -webkit-justify-content: center;
  -ms-flex-pack: center;
  justify-content: center;
  font-size: 28px;
}

.c0 i {
  margin: 0 20px;
  cursor: pointer;
  border: 1px solid grey;
  border-radius: 10px;
  padding: 5px;
  box-shadow: 1px 1px 5px 0px rgba(50,50,50,0.75);
}

.c0 .open {
  color: #ffbe76;
}

.c0 .active {
  color: tomato;
}

<body>
  <div>
    <div
      class="c0"
    >
      <i
        class="fas fa-hammer    "
        data-testid="job-filter-button"
      />
      <i
        class="fas fa-user   "
        data-testid="name-filter-button"
      />
    </div>
    <div
      class="filterActive"
      data-testid="filter-container"
    />
  </div>
</body>
`;
