// Jest Snapshot v1, https://goo.gl/fbAQLP

exports[`Proflie Route Component Proflie Route Snapshot 1`] = `
.c0 {
  position: relative;
  background: white;
  width: 100%;
  height: 72px;
  display: grid;
  grid-template-columns: 15% 35% 35% 15%;
  grid-template-areas: '. m-town-name m-town-name m-filter';
  margin-bottom: 20px;
}

.c0 label {
  text-align: center;
  grid-area: m-town-name;
  font-family: 'Helvetica';
  font-weight: 300;
  font-size: 34px;
  -webkit-align-self: center;
  -ms-flex-item-align: center;
  align-self: center;
  justify-self: center;
}

.c1 {
  font-size: 20px;
  margin: 20px;
}

.c2 {
  background-color: #7f8fa6;
  font-family: 'Helvetica';
  color: black;
  border-radius: 25px;
  overflow: hidden;
  height: 100%;
  display: grid;
  -webkit-column-gap: 10px;
  column-gap: 10px;
  text-align: center;
  grid-row-gap: 20px;
  grid-template-areas: '.image .' '. title .' '. properties .' '. jobs .' 'friends friends friends';
  padding: 20px;
  margin: auto;
}

.c2 img {
  grid-area: image;
}

.c2 ul,
.c2 h3 {
  margin: 2px;
}

.c2 h2 {
  height: auto;
  grid-area: title;
  font-size: 16px;
  text-transform: uppercase;
}

.c2 .gnome-professions {
  margin: 20px 0px;
  grid-area: jobs;
  font-size: 14px;
}

.c2 .gnome-professions ul {
  list-style: none;
  text-align: left;
  width: 20%;
  margin: auto;
  text-align: left;
}

.c2 .gnome-professions ul li {
  width: -webkit-fit-content;
  width: -moz-fit-content;
  width: fit-content;
}

.c2 .gnome-friends {
  grid-area: friends;
  text-align: center;
  font-size: 14px;
}

.c2 .gnome-friends .GnomeList {
  margin: 0px;
}

.c2 .properties {
  grid-area: properties;
  font-size: 14px;
}

.c2 .properties p {
  display: -webkit-box;
  display: -webkit-flex;
  display: -ms-flexbox;
  display: flex;
  -webkit-box-pack: space-evenly;
  -webkit-justify-content: space-evenly;
  -ms-flex-pack: space-evenly;
  justify-content: space-evenly;
}

.c2 .properties span {
  font-weight: bold;
}

.c3 {
  height: 200px;
  margin: auto;
  width: 200px;
  border-radius: 100px;
}

.c4 {
  display: -webkit-inline-box;
  display: -webkit-inline-flex;
  display: -ms-inline-flexbox;
  display: inline-flex;
  margin: auto;
  width: -webkit-fit-content;
  width: -moz-fit-content;
  width: fit-content;
}

.c4 .dummy {
  margin: auto;
  margin-left: 5px;
  width: 20px;
  height: 20px;
  border-radius: 50%;
  border: 2px solid black;
}

<body>
  <div>
    <div
      style="outline: none;"
      tabindex="-1"
    >
      <div
        data-testid="Profile-page"
      >
        <div
          class="c0"
        >
          <div
            class="c1"
            data-testid="banner-go-home"
          >
            <a
              href="/"
            >
              <i
                class="fas fa-home"
              />
            </a>
          </div>
          <label
            data-testid="banner-town-name"
          >
            undefined citizens
          </label>
        </div>
        <div
          class="c2"
        >
          <img
            class="c3"
            data-testid="detail-image"
            src="http://www.publicdomainpictures.net/pictures/10000/nahled/thinking-monkey-11282237747K8xB.jpg"
          />
          <h2>
            Tobus Quickwhistle
          </h2>
          <div
            class="properties"
            data-testid="detail-properties"
          >
            <p>
              <span>
                Age: 
              </span>
              306 years
            </p>
            <p>
              <span>
                Height:
              </span>
              107.76 cm
            </p>
            <p>
              <span>
                Weight:
              </span>
               39.07 kg
            </p>
            <div
              class="c4"
            >
              <p>
                Hair Color: 
              </p>
              <div
                class="dummy"
                style="background-color: Pink;"
              />
            </div>
          </div>
          <div
            class="gnome-professions"
            data-testid="detail-professions"
          >
            <h3>
              Professions
            </h3>
            <ul>
              <li>
                Metalworker
              </li>
              <li>
                Woodcarver
              </li>
              <li>
                Stonecarver
              </li>
              <li>
                 Tinker
              </li>
              <li>
                Tailor
              </li>
              <li>
                Potter
              </li>
            </ul>
          </div>
        </div>
      </div>
    </div>
  </div>
</body>
`;
