// Jest Snapshot v1, https://goo.gl/fbAQLP

exports[`Pagination Component Suite Snapshot check 1`] = `
.c0 {
  background-color: #2e8acc;
  display: -webkit-box;
  display: -webkit-flex;
  display: -ms-flexbox;
  display: flex;
  -webkit-box-pack: justify;
  -webkit-justify-content: space-between;
  -ms-flex-pack: justify;
  justify-content: space-between;
  width: 100%;
}

.c2 {
  color: white;
  display: -webkit-box;
  display: -webkit-flex;
  display: -ms-flexbox;
  display: flex;
  -webkit-box-pack: justify;
  -webkit-justify-content: space-between;
  -ms-flex-pack: justify;
  justify-content: space-between;
  list-style-type: none;
  overflow: hidden;
}

.c2 li {
  cursor: pointer;
  padding: 5px;
}

.c2 li:hover {
  background-color: #2980b9;
}

.c2 li.active {
  background-color: #2980b9;
}

.c1 {
  background-color: #2980b9;
  border: none;
  color: white;
  padding: 12px 16px;
  font-size: 16px;
  cursor: pointer;
}

.c1:disabled {
  color: black;
  background-color: #7f8c8d;
  cursor: not-allowed;
}

<div
  className="c0 Pagination"
>
  <button
    className="c1"
    disabled={false}
    onClick={[Function]}
  >
    &lt;
  </button>
  <ul
    className="c2"
  >
    <li
      className=" "
      onClick={[Function]}
      value={0}
    >
      1
    </li>
    <li
      className="active "
      onClick={[Function]}
      value={1}
    >
      2
    </li>
  </ul>
  <button
    className="c1"
    disabled={true}
    onClick={[Function]}
  >
    &gt;
  </button>
</div>
`;
