// Jest Snapshot v1, https://goo.gl/fbAQLP

exports[`Banner Component Suite Snapshot check 1`] = `
.c0 {
  position: relative;
  background: white;
  width: 100%;
  height: 72px;
  display: grid;
  grid-template-columns: 15% 35% 35% 15%;
  grid-template-areas: '. m-town-name m-town-name m-filter';
  margin-bottom: 20px;
}

.c0 label {
  text-align: center;
  grid-area: m-town-name;
  font-family: 'Helvetica';
  font-weight: 300;
  font-size: 34px;
  -webkit-align-self: center;
  -ms-flex-item-align: center;
  align-self: center;
  justify-self: center;
}

.c1 {
  font-size: 20px;
  margin: 20px;
}

<body>
  <div>
    <div
      class="c0"
    >
      <div
        class="c1"
        data-testid="banner-go-home"
      >
        <a
          aria-current="page"
          href="/"
        >
          <i
            class="fas fa-home"
          />
        </a>
      </div>
      <label
        data-testid="banner-town-name"
      >
         citizens
      </label>
    </div>
  </div>
</body>
`;
